ア A
イ I
ウ U
エ E
オ O
カ KA
ガ GA
キ KI
ギ GI GUI
ク KU
グ GU
ケ KE
ゲ GE GUE
コ KO
ゴ GO
サ SA
ザ ZA
シ SI SHI
ジ ZI JI
ス SU
ズ ZU
セ SE
ゼ ZE
ソ SO
ゾ ZO
タ TA
ダ DA
チ TI
ヂ DI
ツ TU TSU
ヅ DU DZU
テ TE
デ DE
ト TO
ド DO
ナ NA
ニ NI
ヌ NU
ネ NE
ノ NO
ハ HA
バ BA
パ PA
ヒ HI
ビ BI
ピ PI
フ HU FU
ブ BU
プ PU
ヘ HE
ベ BE
ペ PE
ホ HO
ボ BO
ポ PO
マ MA
ミ MI
リ RI
ル RU
レ RE
ロ RO
ワ WA
ヲ WO
ン N
ヴ VU
ヷ VA
ヺ VO